// Jest Snapshot v1, https://goo.gl/fbAQLP

exports[`<Main/> should render the heading 1`] = `
.c0 {
  background-color: #06092b;
  color: #fff;
  width: 100%;
  height: 100%;
  padding: 3rem;
  text-align: center;
  display: flex;
  flex-direction: column;
  align-items: center;
  justify-content: center;
}

.c1 {
  width: 18rem;
  margin-bottom: 2rem;
}

.c2 {
  font-size: 2.5rem;
}

.c3 {
  font-size: 2rem;
  font-weight: 400;
}

.c4 {
  width: min(40rem,100%);
  margin-top: 3rem;
}

<main
  class="c0"
>
  <img
    alt="Imagem de um átomo representando icon do react."
    class="c1"
    src="/img/react-logo.png"
  />
  <h1
    class="c2"
  >
    React Avançando
  </h1>
  <h2
    class="c3"
  >
    TypeScript,ReactJs,NextJs e Styled Components
  </h2>
  <img
    alt="Imagem desenvolvedor digitando no computador"
    class="c4"
    src="/img/herroIlustration.webp"
  />
</main>
`;
